error[E0277]: the trait bound `u8: Responder<'_, '_>` is not satisfied
 --> tests/ui-fail-nightly/responder-types.rs:5:12
  |
5 |     thing: u8,
  |            ^^ the trait `Responder<'_, '_>` is not implemented for `u8`
  |
  = help: the following other types implement trait `Responder<'r, 'o>`:
            `&'o [u8]` implements `Responder<'r, 'o>`
            `&'o str` implements `Responder<'r, 'o>`
            `()` implements `Responder<'r, 'static>`
            `(ContentType, R)` implements `Responder<'r, 'o>`
            `(Status, R)` implements `Responder<'r, 'o>`
            `Accepted<R>` implements `Responder<'r, 'o>`
            `Arc<[u8]>` implements `Responder<'r, 'static>`
            `Arc<str>` implements `Responder<'r, 'static>`
          and $N others

error[E0277]: the trait bound `Header<'_>: From<u8>` is not satisfied
  --> tests/ui-fail-nightly/responder-types.rs:11:5
   |
11 |     other: u8,
   |     ^^^^^^^^^ the trait `From<u8>` is not implemented for `Header<'_>`, which is required by `u8: Into<Header<'_>>`
   |
   = help: the following other types implement trait `From<T>`:
             `Header<'static>` implements `From<&Cookie<'_>>`
             `Header<'static>` implements `From<&ExpectCt>`
             `Header<'static>` implements `From<&Frame>`
             `Header<'static>` implements `From<&Hsts>`
             `Header<'static>` implements `From<&NoSniff>`
             `Header<'static>` implements `From<&Permission>`
             `Header<'static>` implements `From<&Prefetch>`
             `Header<'static>` implements `From<&Referrer>`
           and $N others
   = note: required for `u8` to implement `Into<Header<'_>>`
note: required by a bound in `Response::<'r>::set_header`
  --> $WORKSPACE/core/lib/src/response/response.rs
   |
   |     pub fn set_header<'h: 'r, H: Into<Header<'h>>>(&mut self, header: H) -> bool {
   |                                  ^^^^^^^^^^^^^^^^ required by this bound in `Response::<'r>::set_header`

error[E0277]: the trait bound `u8: Responder<'_, '_>` is not satisfied
  --> tests/ui-fail-nightly/responder-types.rs:16:12
   |
16 |     thing: u8,
   |            ^^ the trait `Responder<'_, '_>` is not implemented for `u8`
   |
   = help: the following other types implement trait `Responder<'r, 'o>`:
             `&'o [u8]` implements `Responder<'r, 'o>`
             `&'o str` implements `Responder<'r, 'o>`
             `()` implements `Responder<'r, 'static>`
             `(ContentType, R)` implements `Responder<'r, 'o>`
             `(Status, R)` implements `Responder<'r, 'o>`
             `Accepted<R>` implements `Responder<'r, 'o>`
             `Arc<[u8]>` implements `Responder<'r, 'static>`
             `Arc<str>` implements `Responder<'r, 'static>`
           and $N others

error[E0277]: the trait bound `Header<'_>: From<u8>` is not satisfied
  --> tests/ui-fail-nightly/responder-types.rs:17:5
   |
17 |     other: u8,
   |     ^^^^^^^^^ the trait `From<u8>` is not implemented for `Header<'_>`, which is required by `u8: Into<Header<'_>>`
   |
   = help: the following other types implement trait `From<T>`:
             `Header<'static>` implements `From<&Cookie<'_>>`
             `Header<'static>` implements `From<&ExpectCt>`
             `Header<'static>` implements `From<&Frame>`
             `Header<'static>` implements `From<&Hsts>`
             `Header<'static>` implements `From<&NoSniff>`
             `Header<'static>` implements `From<&Permission>`
             `Header<'static>` implements `From<&Prefetch>`
             `Header<'static>` implements `From<&Referrer>`
           and $N others
   = note: required for `u8` to implement `Into<Header<'_>>`
note: required by a bound in `Response::<'r>::set_header`
  --> $WORKSPACE/core/lib/src/response/response.rs
   |
   |     pub fn set_header<'h: 'r, H: Into<Header<'h>>>(&mut self, header: H) -> bool {
   |                                  ^^^^^^^^^^^^^^^^ required by this bound in `Response::<'r>::set_header`

error[E0277]: the trait bound `Header<'_>: From<std::string::String>` is not satisfied
  --> tests/ui-fail-nightly/responder-types.rs:24:5
   |
24 |     then: String,
   |     ^^^^^^^^^^^^ the trait `From<std::string::String>` is not implemented for `Header<'_>`, which is required by `std::string::String: Into<Header<'_>>`
   |
   = help: the following other types implement trait `From<T>`:
             `Header<'static>` implements `From<&Cookie<'_>>`
             `Header<'static>` implements `From<&ExpectCt>`
             `Header<'static>` implements `From<&Frame>`
             `Header<'static>` implements `From<&Hsts>`
             `Header<'static>` implements `From<&NoSniff>`
             `Header<'static>` implements `From<&Permission>`
             `Header<'static>` implements `From<&Prefetch>`
             `Header<'static>` implements `From<&Referrer>`
           and $N others
   = note: required for `std::string::String` to implement `Into<Header<'_>>`
note: required by a bound in `Response::<'r>::set_header`
  --> $WORKSPACE/core/lib/src/response/response.rs
   |
   |     pub fn set_header<'h: 'r, H: Into<Header<'h>>>(&mut self, header: H) -> bool {
   |                                  ^^^^^^^^^^^^^^^^ required by this bound in `Response::<'r>::set_header`

error[E0277]: the trait bound `usize: Responder<'_, '_>` is not satisfied
  --> tests/ui-fail-nightly/responder-types.rs:28:13
   |
27 | #[get("/")]
   | ----------- in this procedural macro expansion
28 | fn foo() -> usize { 0 }
   |             ^^^^^ the trait `Responder<'_, '_>` is not implemented for `usize`
   |
   = help: the following other types implement trait `Responder<'r, 'o>`:
             `&'o [u8]` implements `Responder<'r, 'o>`
             `&'o str` implements `Responder<'r, 'o>`
             `()` implements `Responder<'r, 'static>`
             `(ContentType, R)` implements `Responder<'r, 'o>`
             `(Status, R)` implements `Responder<'r, 'o>`
             `Accepted<R>` implements `Responder<'r, 'o>`
             `Arc<[u8]>` implements `Responder<'r, 'static>`
             `Arc<str>` implements `Responder<'r, 'static>`
           and $N others
note: required by a bound in `route::handler::<impl Outcome<Response<'o>, Status, (rocket::Data<'o>, Status)>>::from`
  --> $WORKSPACE/core/lib/src/route/handler.rs
   |
   |     pub fn from<R: Responder<'r, 'o>>(req: &'r Request<'_>, responder: R) -> Outcome<'r> {
   |                    ^^^^^^^^^^^^^^^^^ required by this bound in `route::handler::<impl Outcome<Response<'o>, Status, (Data<'o>, Status)>>::from`
   = note: this error originates in the attribute macro `get` (in Nightly builds, run with -Z macro-backtrace for more info)
